
> vite_react_shadcn_ts@0.0.0 build
> vite build

[36mvite v5.4.19 [32mbuilding for production...[36m[39m
transforming...
cmd : Browserslist: browsers data (caniuse-lite) is 9 months old. Please run:
No linha:1 caractere:1
+ cmd /c npm run build > build_output.txt 2>&1
+ ~~~~~~~~~~~~~~~~~~~~~~~~~~~~~~~~~~~~~~~~~~~~
    + CategoryInfo          : NotSpecified: (Browserslist: b...ld. Please run::String) [], RemoteException
    + FullyQualifiedErrorId : NativeCommandError
 
  npx update-browserslist-db@latest
  Why you should do it regularly: https://github.com/browserslist/update-db#readme
[32mÔ£ô[39m 34 modules transformed.
[31mx[39m Build failed in 1.27s
[31merror during build:
[31m[commonjs--resolver] Missing "./react" specifier in "ai" package[31m
    at e (file:///C:/Users/aryad/OneDrive/Documentos/quitboost-your-30-day-smoking-freedom/node_modules/vite/dist/node/
chunks/dep-C6uTJdX2.js:46042:25)
    at n (file:///C:/Users/aryad/OneDrive/Documentos/quitboost-your-30-day-smoking-freedom/node_modules/vite/dist/node/
chunks/dep-C6uTJdX2.js:46042:627)
    at o (file:///C:/Users/aryad/OneDrive/Documentos/quitboost-your-30-day-smoking-freedom/node_modules/vite/dist/node/
chunks/dep-C6uTJdX2.js:46042:1297)
    at resolveExportsOrImports (file:///C:/Users/aryad/OneDrive/Documentos/quitboost-your-30-day-smoking-freedom/node_m
odules/vite/dist/node/chunks/dep-C6uTJdX2.js:46663:18)
    at resolveDeepImport (file:///C:/Users/aryad/OneDrive/Documentos/quitboost-your-30-day-smoking-freedom/node_modules
/vite/dist/node/chunks/dep-C6uTJdX2.js:46686:25)
    at tryNodeResolve (file:///C:/Users/aryad/OneDrive/Documentos/quitboost-your-30-day-smoking-freedom/node_modules/vi
te/dist/node/chunks/dep-C6uTJdX2.js:46451:16)
    at Object.resolveId (file:///C:/Users/aryad/OneDrive/Documentos/quitboost-your-30-day-smoking-freedom/node_modules/
vite/dist/node/chunks/dep-C6uTJdX2.js:46201:19)
    at file:///C:/Users/aryad/OneDrive/Documentos/quitboost-your-30-day-smoking-freedom/node_modules/rollup/dist/es/sha
red/node-entry.js:20730:40
    at async PluginDriver.hookFirstAndGetPlugin (file:///C:/Users/aryad/OneDrive/Documentos/quitboost-your-30-day-smoki
ng-freedom/node_modules/rollup/dist/es/shared/node-entry.js:20630:28)
    at async resolveId (file:///C:/Users/aryad/OneDrive/Documentos/quitboost-your-30-day-smoking-freedom/node_modules/r
ollup/dist/es/shared/node-entry.js:19234:26)[39m
